Godot Engine v4.7.2.stable.mono.official.ed1daf0bf - https://godotengine.org
D3D12 12_0 - Forward Mobile - Using Device #0: NVIDIA - NVIDIA GeForce RTX 4060 Laptop GPU

WORLD MODE Oceans: seed=1009909746, cells=1058
WORLD MODE Oceans: Continue begins
WORLD MODE Oceans: Continue complete
WORLD MODE Oceans: full chart begins
WORLD MODE Oceans: full chart complete
WORLD MODE SeaWorld: seed=2110792575, cells=1116
WORLD MODE SeaWorld: Continue begins
WORLD MODE SeaWorld: Continue complete
WORLD MODE SeaWorld: full chart begins
WORLD MODE SeaWorld: full chart complete
WORLD MODE Continents: seed=140785611, cells=1122
WORLD MODE Continents: Continue begins
WORLD MODE Continents: Continue complete
WORLD MODE Continents: full chart begins
WORLD MODE Continents: full chart complete
WORLD MODE Pangaea: seed=1532819679, cells=1124
WORLD MODE Pangaea: Continue begins
WORLD MODE Pangaea: Continue complete
WORLD MODE Pangaea: full chart begins
WORLD MODE Pangaea: full chart complete
PASS: 110 world selector/generation/save/native rendering checks (Windows).
