Godot Engine v4.7.2.stable.mono.official.ed1daf0bf - https://godotengine.org
OpenGL API 3.3.0 NVIDIA 581.29 - Compatibility - Using Device: NVIDIA - NVIDIA GeForce RTX 4060 Laptop GPU

PAN frames=119, p50_ms=16.689, p95_ms=17.305, max_ms=21.913
INTERACTION world=Oceans, wide_view=False, tiles=1759, opponents=4, live_fog=True, hover_calls=64, hover_p50_ms=0.029, hover_p95_ms=0.061, hover_max_ms=0.451, frame_p95_ms=18.344, frame_max_ms=64.648, process_p95_ms=65.935, draw_calls_p95=1223, movement_elapsed_ms=1584.158
SLOW_FRAMES
phase=move/encounter/save, frame_ms=64,648, GC_delta=0/0/0, process_ms=18,996, focused=True, canvas_compile_delta=0, draw_compile_delta=0
{
  "Terrain.Detail.BuildChunk": {
    "Calls": 240,
    "TotalMs": 34.32749999999998,
    "MaxMs": 0.7875,
    "Bytes": 63360
  },
  "Terrain.Detail.View": {
    "Calls": 120,
    "TotalMs": 39.50650000000001,
    "MaxMs": 1.0474,
    "Bytes": 334216
  },
  "Ambience.Fish": {
    "Calls": 149,
    "TotalMs": 13.411699999999998,
    "MaxMs": 0.1524,
    "Bytes": 37384
  },
  "Ambience.Draw": {
    "Calls": 149,
    "TotalMs": 16.800999999999995,
    "MaxMs": 0.3587,
    "Bytes": 41008
  },
  "Fleet.Water.Draw": {
    "Calls": 392,
    "TotalMs": 6.426800000000004,
    "MaxMs": 0.1192,
    "Bytes": 90624
  },
  "Fleet.Hulls.Refresh": {
    "Calls": 392,
    "TotalMs": 8.715300000000004,
    "MaxMs": 0.1624,
    "Bytes": 883408
  },
  "Fleet.Draw": {
    "Calls": 392,
    "TotalMs": 15.311100000000007,
    "MaxMs": 0.1772,
    "Bytes": 974128
  },
  "Terrain.Coarse.FinishFrame": {
    "Calls": 297,
    "TotalMs": 2.177000000000001,
    "MaxMs": 0.3286,
    "Bytes": 12120
  },
  "Terrain.Detail.FinishFrame": {
    "Calls": 297,
    "TotalMs": 4.052700000000001,
    "MaxMs": 0.2584,
    "Bytes": 12800
  },
  "Hull.Draw": {
    "Calls": 139,
    "TotalMs": 37.2519,
    "MaxMs": 0.7052,
    "Bytes": 138864
  },
  "Hover.Handler": {
    "Calls": 64,
    "TotalMs": 1.8247000000000002,
    "MaxMs": 0.2046,
    "Bytes": 95056
  },
  "Board.Overlay.Draw": {
    "Calls": 66,
    "TotalMs": 23.830400000000004,
    "MaxMs": 1.6741,
    "Bytes": 517960
  },
  "Command.Model": {
    "Calls": 1,
    "TotalMs": 3.8399,
    "MaxMs": 3.8399,
    "Bytes": 255064
  },
  "Terrain.Coarse.PrepareRegion": {
    "Calls": 5,
    "TotalMs": 0.5926,
    "MaxMs": 0.2129,
    "Bytes": 0
  },
  "Terrain.Coarse.Invalidate": {
    "Calls": 1,
    "TotalMs": 0.2089,
    "MaxMs": 0.2089,
    "Bytes": 968
  },
  "Terrain.Detail.Invalidate": {
    "Calls": 1,
    "TotalMs": 0.2787,
    "MaxMs": 0.2787,
    "Bytes": 40
  },
  "Ambience.Waves.Build": {
    "Calls": 1,
    "TotalMs": 0.2454,
    "MaxMs": 0.2454,
    "Bytes": 251472
  },
  "Ambience.Refresh": {
    "Calls": 1,
    "TotalMs": 0.4242,
    "MaxMs": 0.4242,
    "Bytes": 261800
  },
  "Hud.UpdateBattle": {
    "Calls": 2,
    "TotalMs": 6.0343,
    "MaxMs": 5.4324,
    "Bytes": 368560
  },
  "Main.Refresh": {
    "Calls": 2,
    "TotalMs": 7.406499999999999,
    "MaxMs": 6.5356,
    "Bytes": 667568
  },
  "Animation.TravelRoute": {
    "Calls": 1,
    "TotalMs": 0.3908,
    "MaxMs": 0.3908,
    "Bytes": 2440
  },
  "Animation.Start": {
    "Calls": 1,
    "TotalMs": 6.7751,
    "MaxMs": 6.7751,
    "Bytes": 9040
  },
  "Selection.Dispatch": {
    "Calls": 1,
    "TotalMs": 18.301,
    "MaxMs": 18.301,
    "Bytes": 892224
  },
  "Board.Terrain.Draw": {
    "Calls": 108,
    "TotalMs": 6.029900000000002,
    "MaxMs": 0.1393,
    "Bytes": 6912
  },
  "Board.Terrain.Shore.Draw": {
    "Calls": 108,
    "TotalMs": 2.0579999999999976,
    "MaxMs": 0.1458,
    "Bytes": 948000
  },
  "Board.Movement.Contours": {
    "Calls": 1,
    "TotalMs": 0.0049,
    "MaxMs": 0.0049,
    "Bytes": 360
  },
  "Board.Observation.Draw": {
    "Calls": 2,
    "TotalMs": 0.0875,
    "MaxMs": 0.065,
    "Bytes": 3576
  },
  "Save.Capture": {
    "Calls": 1,
    "TotalMs": 0.4765,
    "MaxMs": 0.4765,
    "Bytes": 355576
  },
  "Save.Write": {
    "Calls": 1,
    "TotalMs": 14.728,
    "MaxMs": 14.728,
    "Bytes": 1437512
  }
}
RENDER_MEMORY video_peak_mib=285.47, texture_peak_mib=244.99, buffer_peak_mib=42.37

PASS: real-map interaction profiling completed.
