Godot Engine v4.7.2.stable.mono.official.ed1daf0bf - https://godotengine.org

[   0% ] [90m[1mfirst_scan_filesystem[22m | Started Ініціалізація проекту (5 steps)[39m[0m
[   0% ] [90m[1mfirst_scan_filesystem[22m | Сканування структури файлу...[39m[0m
[  16% ] [90m[1mfirst_scan_filesystem[22m | Завантаження глобальних назв класів...[39m[0m
[  33% ] [90m[1mfirst_scan_filesystem[22m | Перевірка GDExtensions...[39m[0m
[  50% ] [90m[1mfirst_scan_filesystem[22m | Створення сценаріїв автозавантаження...[39m[0m
[  66% ] [90m[1mfirst_scan_filesystem[22m | Ініціалізація плагінів...[39m[0m
[  83% ] [90m[1mfirst_scan_filesystem[22m | Початок сканування файлів...[39m[0m
[92m[ DONE ][39m [1mfirst_scan_filesystem[22m
[0m
[   0% ] [90m[1mupdate_scripts_classes[22m | Started Реєстрація глобальних класів... (50 steps)[39m[0m
[   0% ] [90m[1mupdate_scripts_classes[22m | [39m[0m
[   1% ] [90m[1mupdate_scripts_classes[22m | [39m[0m
[   3% ] [90m[1mupdate_scripts_classes[22m | [39m[0m
[   5% ] [90m[1mupdate_scripts_classes[22m | [39m[0m
[   7% ] [90m[1mupdate_scripts_classes[22m | [39m[0m
[   9% ] [90m[1mupdate_scripts_classes[22m | [39m[0m
[  11% ] [90m[1mupdate_scripts_classes[22m | [39m[0m
[  13% ] [90m[1mupdate_scripts_classes[22m | [39m[0m
[  15% ] [90m[1mupdate_scripts_classes[22m | [39m[0m
[  17% ] [90m[1mupdate_scripts_classes[22m | [39m[0m
[  19% ] [90m[1mupdate_scripts_classes[22m | [39m[0m
[  21% ] [90m[1mupdate_scripts_classes[22m | [39m[0m
[  23% ] [90m[1mupdate_scripts_classes[22m | [39m[0m
[  25% ] [90m[1mupdate_scripts_classes[22m | [39m[0m
[  27% ] [90m[1mupdate_scripts_classes[22m | [39m[0m
[  29% ] [90m[1mupdate_scripts_classes[22m | [39m[0m
[  31% ] [90m[1mupdate_scripts_classes[22m | [39m[0m
[  33% ] [90m[1mupdate_scripts_classes[22m | [39m[0m
[  35% ] [90m[1mupdate_scripts_classes[22m | [39m[0m
[  37% ] [90m[1mupdate_scripts_classes[22m | [39m[0m
[  39% ] [90m[1mupdate_scripts_classes[22m | [39m[0m
[  41% ] [90m[1mupdate_scripts_classes[22m | [39m[0m
[  43% ] [90m[1mupdate_scripts_classes[22m | [39m[0m
[  45% ] [90m[1mupdate_scripts_classes[22m | [39m[0m
[  47% ] [90m[1mupdate_scripts_classes[22m | [39m[0m
[  49% ] [90m[1mupdate_scripts_classes[22m | [39m[0m
[  50% ] [90m[1mupdate_scripts_classes[22m | [39m[0m
[  52% ] [90m[1mupdate_scripts_classes[22m | [39m[0m
[  54% ] [90m[1mupdate_scripts_classes[22m | [39m[0m
[  56% ] [90m[1mupdate_scripts_classes[22m | [39m[0m
[  58% ] [90m[1mupdate_scripts_classes[22m | [39m[0m
[  60% ] [90m[1mupdate_scripts_classes[22m | [39m[0m
[  62% ] [90m[1mupdate_scripts_classes[22m | [39m[0m
[  64% ] [90m[1mupdate_scripts_classes[22m | [39m[0m
[  66% ] [90m[1mupdate_scripts_classes[22m | [39m[0m
[  68% ] [90m[1mupdate_scripts_classes[22m | [39m[0m
[  70% ] [90m[1mupdate_scripts_classes[22m | [39m[0m
[  72% ] [90m[1mupdate_scripts_classes[22m | [39m[0m
[  74% ] [90m[1mupdate_scripts_classes[22m | [39m[0m
[  76% ] [90m[1mupdate_scripts_classes[22m | [39m[0m
[  78% ] [90m[1mupdate_scripts_classes[22m | [39m[0m
[  80% ] [90m[1mupdate_scripts_classes[22m | [39m[0m
[  82% ] [90m[1mupdate_scripts_classes[22m | [39m[0m
[  84% ] [90m[1mupdate_scripts_classes[22m | [39m[0m
[  86% ] [90m[1mupdate_scripts_classes[22m | [39m[0m
[  88% ] [90m[1mupdate_scripts_classes[22m | [39m[0m
[  90% ] [90m[1mupdate_scripts_classes[22m | [39m[0m
[  92% ] [90m[1mupdate_scripts_classes[22m | [39m[0m
[  94% ] [90m[1mupdate_scripts_classes[22m | [39m[0m
[  96% ] [90m[1mupdate_scripts_classes[22m | [39m[0m
[92m[ DONE ][39m [1mupdate_scripts_classes[22m
[0m
[   0% ] [90m[1m_update_scan_actions[22m | Started Дії сканування... (65 steps)[39m[0m
[   0% ] [90m[1m_update_scan_actions[22m | exported-en.png[39m[0m
[   1% ] [90m[1m_update_scan_actions[22m | exported-map.png[39m[0m
[   3% ] [90m[1m_update_scan_actions[22m | exported-nl.png[39m[0m
[   4% ] [90m[1m_update_scan_actions[22m | exported-uk.png[39m[0m
[   6% ] [90m[1m_update_scan_actions[22m | animation0207-balloon-aftermath.png[39m[0m
[   7% ] [90m[1m_update_scan_actions[22m | animation0207-balloon-impact.png[39m[0m
[   9% ] [90m[1m_update_scan_actions[22m | animation0207-balloon-tearing.png[39m[0m
[  10% ] [90m[1m_update_scan_actions[22m | animation0207-ports-lighthouse-guns.png[39m[0m
[  12% ] [90m[1m_update_scan_actions[22m | animation0207-rituals-and-pirate-smoke.png[39m[0m
[  13% ] [90m[1m_update_scan_actions[22m | construction0205-blueprint-CannonTower.png[39m[0m
[  15% ] [90m[1m_update_scan_actions[22m | construction0205-blueprint-Fishing.png[39m[0m
[  16% ] [90m[1m_update_scan_actions[22m | construction0205-blueprint-Garrison.png[39m[0m
[  18% ] [90m[1m_update_scan_actions[22m | construction0205-blueprint-Lighthouse.png[39m[0m
[  19% ] [90m[1m_update_scan_actions[22m | construction0205-support-and-ruins.png[39m[0m
[  21% ] [90m[1m_update_scan_actions[22m | hints0206-end-turn-stamp.png[39m[0m
[  22% ] [90m[1m_update_scan_actions[22m | hints0206-ready-objects.png[39m[0m
[  24% ] [90m[1m_update_scan_actions[22m | language0202-lore-nl.png[39m[0m
[  25% ] [90m[1m_update_scan_actions[22m | language0202-lore-uk.png[39m[0m
[  27% ] [90m[1m_update_scan_actions[22m | language0202-menu-en.png[39m[0m
[  28% ] [90m[1m_update_scan_actions[22m | language0202-menu-nl.png[39m[0m
[  30% ] [90m[1m_update_scan_actions[22m | language0202-menu-uk.png[39m[0m
[  31% ] [90m[1m_update_scan_actions[22m | language0202-setup-en.png[39m[0m
[  33% ] [90m[1m_update_scan_actions[22m | language0202-setup-nl.png[39m[0m
[  34% ] [90m[1m_update_scan_actions[22m | language0202-setup-uk.png[39m[0m
[  36% ] [90m[1m_update_scan_actions[22m | language0202-upgrade-hover-en.png[39m[0m
[  37% ] [90m[1m_update_scan_actions[22m | language0202-upgrade-hover-nl.png[39m[0m
[  39% ] [90m[1m_update_scan_actions[22m | language0202-upgrade-hover-uk.png[39m[0m
[  40% ] [90m[1m_update_scan_actions[22m | trade-glyph0204-shared-motifs.png[39m[0m
[  42% ] [90m[1m_update_scan_actions[22m | trade-glyph0204-traffic-and-veteran.png[39m[0m
[  43% ] [90m[1m_update_scan_actions[22m | tutorial0206-kolonel.png[39m[0m
[  45% ] [90m[1m_update_scan_actions[22m | tutorial0206-radar.png[39m[0m
[  46% ] [90m[1m_update_scan_actions[22m | tutorial0206-repair.png[39m[0m
[  48% ] [90m[1m_update_scan_actions[22m | tutorial0206-resources.png[39m[0m
[  50% ] [90m[1m_update_scan_actions[22m | tutorial0206-trade.png[39m[0m
[  51% ] [90m[1m_update_scan_actions[22m | ui0204-reward-618x1400.png[39m[0m
[  53% ] [90m[1m_update_scan_actions[22m | ui0204-reward-800x520.png[39m[0m
[  54% ] [90m[1m_update_scan_actions[22m | ui0204-reward-1280x720.png[39m[0m
[  56% ] [90m[1m_update_scan_actions[22m | ui0204-setup-618x1400.png[39m[0m
[  57% ] [90m[1m_update_scan_actions[22m | ui0204-setup-800x520.png[39m[0m
[  59% ] [90m[1m_update_scan_actions[22m | ui0204-setup-1280x720.png[39m[0m
[  60% ] [90m[1m_update_scan_actions[22m | ui0204-town-scaled-80.png[39m[0m
[  62% ] [90m[1m_update_scan_actions[22m | ui0204-town-scaled-125.png[39m[0m
[  63% ] [90m[1m_update_scan_actions[22m | ui0204-upgrade-618x1400-en.png[39m[0m
[  65% ] [90m[1m_update_scan_actions[22m | ui0204-upgrade-618x1400-nl.png[39m[0m
[  66% ] [90m[1m_update_scan_actions[22m | ui0204-upgrade-618x1400-uk.png[39m[0m
[  68% ] [90m[1m_update_scan_actions[22m | ui0204-upgrade-800x520-en.png[39m[0m
[  69% ] [90m[1m_update_scan_actions[22m | ui0204-upgrade-800x520-nl.png[39m[0m
[  71% ] [90m[1m_update_scan_actions[22m | ui0204-upgrade-800x520-uk.png[39m[0m
[  72% ] [90m[1m_update_scan_actions[22m | ui0204-upgrade-1280x720-en.png[39m[0m
[  74% ] [90m[1m_update_scan_actions[22m | ui0204-upgrade-1280x720-nl.png[39m[0m
[  75% ] [90m[1m_update_scan_actions[22m | ui0204-upgrade-1280x720-uk.png[39m[0m
[  77% ] [90m[1m_update_scan_actions[22m | ui0204-victory-618x1400.png[39m[0m
[  78% ] [90m[1m_update_scan_actions[22m | ui0204-victory-800x520.png[39m[0m
[  80% ] [90m[1m_update_scan_actions[22m | ui0204-victory-1280x720.png[39m[0m
[  81% ] [90m[1m_update_scan_actions[22m | ui0205-elders-welcome.png[39m[0m
[  83% ] [90m[1m_update_scan_actions[22m | ui0205-embark-before-click.png[39m[0m
[  84% ] [90m[1m_update_scan_actions[22m | ui0205-painted-nations.png[39m[0m
[  86% ] [90m[1m_update_scan_actions[22m | ui0205-painted-worlds.png[39m[0m
[  87% ] [90m[1m_update_scan_actions[22m | ui0207-advice.png[39m[0m
[  89% ] [90m[1m_update_scan_actions[22m | ui0207-confirmation.png[39m[0m
[  90% ] [90m[1m_update_scan_actions[22m | ui0207-game-menu.png[39m[0m
[  92% ] [90m[1m_update_scan_actions[22m | ui0207-outcome.png[39m[0m
[  93% ] [90m[1m_update_scan_actions[22m | ui0207-ready-list.png[39m[0m
[  95% ] [90m[1m_update_scan_actions[22m | victory.png[39m[0m
[  96% ] [90m[1m_update_scan_actions[22m | voyage0207-rose-welcome.png[39m[0m
[92m[ DONE ][39m [1m_update_scan_actions[22m
[0m
[   0% ] [90m[1mreimport[22m | Started (Повторний) імпорт ресурсів (65 steps)[39m[0m
[   0% ] [90m[1mreimport[22m | Підготовка файлів до повторного імпорту...[39m[0m
[   1% ] [90m[1mreimport[22m | Підготовка файлів до повторного імпорту...[39m[0m
[   3% ] [90m[1mreimport[22m | Підготовка файлів до повторного імпорту...[39m[0m
[   4% ] [90m[1mreimport[22m | Підготовка файлів до повторного імпорту...[39m[0m
[   6% ] [90m[1mreimport[22m | Підготовка файлів до повторного імпорту...[39m[0m
[   7% ] [90m[1mreimport[22m | Підготовка файлів до повторного імпорту...[39m[0m
[   9% ] [90m[1mreimport[22m | Підготовка файлів до повторного імпорту...[39m[0m
[  10% ] [90m[1mreimport[22m | Підготовка файлів до повторного імпорту...[39m[0m
[  12% ] [90m[1mreimport[22m | Підготовка файлів до повторного імпорту...[39m[0m
[  13% ] [90m[1mreimport[22m | Підготовка файлів до повторного імпорту...[39m[0m
[  15% ] [90m[1mreimport[22m | Підготовка файлів до повторного імпорту...[39m[0m
[  16% ] [90m[1mreimport[22m | Підготовка файлів до повторного імпорту...[39m[0m
[  18% ] [90m[1mreimport[22m | Підготовка файлів до повторного імпорту...[39m[0m
[  19% ] [90m[1mreimport[22m | Підготовка файлів до повторного імпорту...[39m[0m
[  21% ] [90m[1mreimport[22m | Підготовка файлів до повторного імпорту...[39m[0m
[  22% ] [90m[1mreimport[22m | Підготовка файлів до повторного імпорту...[39m[0m
[  24% ] [90m[1mreimport[22m | Підготовка файлів до повторного імпорту...[39m[0m
[  25% ] [90m[1mreimport[22m | Підготовка файлів до повторного імпорту...[39m[0m
[  27% ] [90m[1mreimport[22m | Підготовка файлів до повторного імпорту...[39m[0m
[  28% ] [90m[1mreimport[22m | Підготовка файлів до повторного імпорту...[39m[0m
[  30% ] [90m[1mreimport[22m | Підготовка файлів до повторного імпорту...[39m[0m
[  31% ] [90m[1mreimport[22m | Підготовка файлів до повторного імпорту...[39m[0m
[  33% ] [90m[1mreimport[22m | Підготовка файлів до повторного імпорту...[39m[0m
[  34% ] [90m[1mreimport[22m | Підготовка файлів до повторного імпорту...[39m[0m
[  36% ] [90m[1mreimport[22m | Підготовка файлів до повторного імпорту...[39m[0m
[  37% ] [90m[1mreimport[22m | Підготовка файлів до повторного імпорту...[39m[0m
[  39% ] [90m[1mreimport[22m | Підготовка файлів до повторного імпорту...[39m[0m
[  40% ] [90m[1mreimport[22m | Підготовка файлів до повторного імпорту...[39m[0m
[  42% ] [90m[1mreimport[22m | Підготовка файлів до повторного імпорту...[39m[0m
[  43% ] [90m[1mreimport[22m | Підготовка файлів до повторного імпорту...[39m[0m
[  45% ] [90m[1mreimport[22m | Підготовка файлів до повторного імпорту...[39m[0m
[  46% ] [90m[1mreimport[22m | Підготовка файлів до повторного імпорту...[39m[0m
[  48% ] [90m[1mreimport[22m | Підготовка файлів до повторного імпорту...[39m[0m
[  50% ] [90m[1mreimport[22m | Підготовка файлів до повторного імпорту...[39m[0m
[  51% ] [90m[1mreimport[22m | Підготовка файлів до повторного імпорту...[39m[0m
[  53% ] [90m[1mreimport[22m | Підготовка файлів до повторного імпорту...[39m[0m
[  54% ] [90m[1mreimport[22m | Підготовка файлів до повторного імпорту...[39m[0m
[  56% ] [90m[1mreimport[22m | Підготовка файлів до повторного імпорту...[39m[0m
[  57% ] [90m[1mreimport[22m | Підготовка файлів до повторного імпорту...[39m[0m
[  59% ] [90m[1mreimport[22m | Підготовка файлів до повторного імпорту...[39m[0m
[  60% ] [90m[1mreimport[22m | Підготовка файлів до повторного імпорту...[39m[0m
[  62% ] [90m[1mreimport[22m | Підготовка файлів до повторного імпорту...[39m[0m
[  63% ] [90m[1mreimport[22m | Підготовка файлів до повторного імпорту...[39m[0m
[  65% ] [90m[1mreimport[22m | Підготовка файлів до повторного імпорту...[39m[0m
[  66% ] [90m[1mreimport[22m | Підготовка файлів до повторного імпорту...[39m[0m
[  68% ] [90m[1mreimport[22m | Підготовка файлів до повторного імпорту...[39m[0m
[  69% ] [90m[1mreimport[22m | Підготовка файлів до повторного імпорту...[39m[0m
[  71% ] [90m[1mreimport[22m | Підготовка файлів до повторного імпорту...[39m[0m
[  72% ] [90m[1mreimport[22m | Підготовка файлів до повторного імпорту...[39m[0m
[  74% ] [90m[1mreimport[22m | Підготовка файлів до повторного імпорту...[39m[0m
[  75% ] [90m[1mreimport[22m | Підготовка файлів до повторного імпорту...[39m[0m
[  77% ] [90m[1mreimport[22m | Підготовка файлів до повторного імпорту...[39m[0m
[  78% ] [90m[1mreimport[22m | Підготовка файлів до повторного імпорту...[39m[0m
[  80% ] [90m[1mreimport[22m | Підготовка файлів до повторного імпорту...[39m[0m
[  81% ] [90m[1mreimport[22m | Підготовка файлів до повторного імпорту...[39m[0m
[  83% ] [90m[1mreimport[22m | Підготовка файлів до повторного імпорту...[39m[0m
[  84% ] [90m[1mreimport[22m | Підготовка файлів до повторного імпорту...[39m[0m
[  86% ] [90m[1mreimport[22m | Підготовка файлів до повторного імпорту...[39m[0m
[  87% ] [90m[1mreimport[22m | Підготовка файлів до повторного імпорту...[39m[0m
[  89% ] [90m[1mreimport[22m | Підготовка файлів до повторного імпорту...[39m[0m
[  90% ] [90m[1mreimport[22m | Підготовка файлів до повторного імпорту...[39m[0m
[  92% ] [90m[1mreimport[22m | Підготовка файлів до повторного імпорту...[39m[0m
[  93% ] [90m[1mreimport[22m | Підготовка файлів до повторного імпорту...[39m[0m
[  95% ] [90m[1mreimport[22m | Підготовка файлів до повторного імпорту...[39m[0m
[  96% ] [90m[1mreimport[22m | Підготовка файлів до повторного імпорту...[39m[0m
[   0% ] [90m[1mreimport[22m | Виконання операцій перед повторним імпортом...[39m[0m
[   0% ] [90m[1mreimport[22m | tutorial0206-trade.png[39m[0m
[   1% ] [90m[1mreimport[22m | ui0204-reward-618x1400.png[39m[0m
[   3% ] [90m[1mreimport[22m | ui0204-reward-800x520.png[39m[0m
[   4% ] [90m[1mreimport[22m | ui0204-reward-1280x720.png[39m[0m
[   6% ] [90m[1mreimport[22m | ui0204-setup-618x1400.png[39m[0m
[   7% ] [90m[1mreimport[22m | ui0204-setup-800x520.png[39m[0m
[   9% ] [90m[1mreimport[22m | ui0204-setup-1280x720.png[39m[0m
[  10% ] [90m[1mreimport[22m | ui0204-town-scaled-80.png[39m[0m
[  12% ] [90m[1mreimport[22m | ui0204-town-scaled-125.png[39m[0m
[  13% ] [90m[1mreimport[22m | ui0204-upgrade-618x1400-en.png[39m[0m
[  15% ] [90m[1mreimport[22m | ui0204-upgrade-618x1400-nl.png[39m[0m
[  16% ] [90m[1mreimport[22m | ui0204-upgrade-618x1400-uk.png[39m[0m
[  18% ] [90m[1mreimport[22m | ui0204-upgrade-800x520-en.png[39m[0m
[  19% ] [90m[1mreimport[22m | ui0204-upgrade-800x520-nl.png[39m[0m
[  21% ] [90m[1mreimport[22m | ui0204-upgrade-800x520-uk.png[39m[0m
[  22% ] [90m[1mreimport[22m | ui0204-upgrade-1280x720-en.png[39m[0m
[  24% ] [90m[1mreimport[22m | ui0204-upgrade-1280x720-nl.png[39m[0m
[  25% ] [90m[1mreimport[22m | ui0204-upgrade-1280x720-uk.png[39m[0m
[  27% ] [90m[1mreimport[22m | ui0204-victory-618x1400.png[39m[0m
[  28% ] [90m[1mreimport[22m | ui0204-victory-800x520.png[39m[0m
[  30% ] [90m[1mreimport[22m | ui0204-victory-1280x720.png[39m[0m
[  31% ] [90m[1mreimport[22m | ui0205-elders-welcome.png[39m[0m
[  33% ] [90m[1mreimport[22m | ui0205-embark-before-click.png[39m[0m
[  34% ] [90m[1mreimport[22m | ui0205-painted-nations.png[39m[0m
[  36% ] [90m[1mreimport[22m | ui0205-painted-worlds.png[39m[0m
[  37% ] [90m[1mreimport[22m | ui0207-advice.png[39m[0m
[  39% ] [90m[1mreimport[22m | ui0207-confirmation.png[39m[0m
[  40% ] [90m[1mreimport[22m | ui0207-game-menu.png[39m[0m
[  42% ] [90m[1mreimport[22m | ui0207-outcome.png[39m[0m
[  43% ] [90m[1mreimport[22m | ui0207-ready-list.png[39m[0m
[  45% ] [90m[1mreimport[22m | victory.png[39m[0m
[  46% ] [90m[1mreimport[22m | voyage0207-rose-welcome.png[39m[0m
[  48% ] [90m[1mreimport[22m | exported-en.png[39m[0m
[  50% ] [90m[1mreimport[22m | exported-map.png[39m[0m
[  51% ] [90m[1mreimport[22m | exported-nl.png[39m[0m
[  53% ] [90m[1mreimport[22m | exported-uk.png[39m[0m
[  54% ] [90m[1mreimport[22m | animation0207-balloon-aftermath.png[39m[0m
[  56% ] [90m[1mreimport[22m | animation0207-balloon-impact.png[39m[0m
[  57% ] [90m[1mreimport[22m | animation0207-balloon-tearing.png[39m[0m
[  59% ] [90m[1mreimport[22m | animation0207-ports-lighthouse-guns.png[39m[0m
[  60% ] [90m[1mreimport[22m | animation0207-rituals-and-pirate-smoke.png[39m[0m
[  62% ] [90m[1mreimport[22m | construction0205-blueprint-CannonTower.png[39m[0m
[  63% ] [90m[1mreimport[22m | construction0205-blueprint-Fishing.png[39m[0m
[  65% ] [90m[1mreimport[22m | construction0205-blueprint-Garrison.png[39m[0m
[  66% ] [90m[1mreimport[22m | construction0205-blueprint-Lighthouse.png[39m[0m
[  68% ] [90m[1mreimport[22m | construction0205-support-and-ruins.png[39m[0m
[  69% ] [90m[1mreimport[22m | hints0206-end-turn-stamp.png[39m[0m
[  71% ] [90m[1mreimport[22m | hints0206-ready-objects.png[39m[0m
[  72% ] [90m[1mreimport[22m | tutorial0206-resources.png[39m[0m
[  74% ] [90m[1mreimport[22m | tutorial0206-repair.png[39m[0m
[  75% ] [90m[1mreimport[22m | tutorial0206-radar.png[39m[0m
[  77% ] [90m[1mreimport[22m | tutorial0206-kolonel.png[39m[0m
[  78% ] [90m[1mreimport[22m | trade-glyph0204-traffic-and-veteran.png[39m[0m
[  80% ] [90m[1mreimport[22m | trade-glyph0204-shared-motifs.png[39m[0m
[  81% ] [90m[1mreimport[22m | language0202-upgrade-hover-uk.png[39m[0m
[  83% ] [90m[1mreimport[22m | language0202-upgrade-hover-nl.png[39m[0m
[  84% ] [90m[1mreimport[22m | language0202-upgrade-hover-en.png[39m[0m
[  86% ] [90m[1mreimport[22m | language0202-setup-uk.png[39m[0m
[  87% ] [90m[1mreimport[22m | language0202-setup-nl.png[39m[0m
[  89% ] [90m[1mreimport[22m | language0202-setup-en.png[39m[0m
[  90% ] [90m[1mreimport[22m | language0202-menu-uk.png[39m[0m
[  92% ] [90m[1mreimport[22m | language0202-menu-nl.png[39m[0m
[  93% ] [90m[1mreimport[22m | language0202-menu-en.png[39m[0m
[  95% ] [90m[1mreimport[22m | language0202-lore-uk.png[39m[0m
[  96% ] [90m[1mreimport[22m | language0202-lore-nl.png[39m[0m
[  98% ] [90m[1mreimport[22m | Завершення імпорту активів...[39m[0m
[92m[ DONE ][39m [1mreimport[22m
[0m
[   0% ] [90m[1mreimport[22m | Started (Повторний) імпорт ресурсів (65 steps)[39m[0m
[   0% ] [90m[1mreimport[22m | Виконання операцій після повторного імпорту...[39m[0m
[92m[ DONE ][39m [1mreimport[22m
[0m
[   0% ] [90m[1mdotnet_publish_project[22m | Started Publishing .NET project... (1 steps)[39m[0m
[   0% ] [90m[1mdotnet_publish_project[22m | Running dotnet publish[39m[0m
[92m[ DONE ][39m [1mdotnet_publish_project[22m
[0m
[   0% ] [90m[1msavepack[22m | Started Пакування (102 steps)[39m[0m
[   1% ] [90m[1msavepack[22m | Збереження файлу: res://.godot/imported/ancient-naval-title.png-4f34772d03b12f59c423f6142a34566e.ctex[39m[0m
[   1% ] [90m[1msavepack[22m | Збереження файлу: res://assets/ui/ancient-naval-title.png.import[39m[0m
[   1% ] [90m[1msavepack[22m | Збереження файлу: res://.godot/imported/harbor-claim-0.19.png-fdd90d3586867b78da51dc993cc62bec.ctex[39m[0m
[   1% ] [90m[1msavepack[22m | Збереження файлу: res://assets/ui/harbor-claim-0.19.png.import[39m[0m
[   2% ] [90m[1msavepack[22m | Збереження файлу: res://.godot/imported/harbor-claim-0.20.png-ea526f9f623ec2f1f235af1aaca34dd4.ctex[39m[0m
[   2% ] [90m[1msavepack[22m | Збереження файлу: res://assets/ui/harbor-claim-0.20.png.import[39m[0m
[   2% ] [90m[1msavepack[22m | Збереження файлу: res://.godot/imported/menu-harbor-0.16.png-8ea9d4a340e01466ccee4c5077570917.ctex[39m[0m
[   2% ] [90m[1msavepack[22m | Збереження файлу: res://assets/ui/menu-harbor-0.16.png.import[39m[0m
[   3% ] [90m[1msavepack[22m | Збереження файлу: res://assets/ui/menu-sea.gdshader[39m[0m
[   4% ] [90m[1msavepack[22m | Збереження файлу: res://.godot/imported/treasury-awakening-0.19.png-7fe2bb97b6532bf0d7ee32d13925330a.ctex[39m[0m
[   4% ] [90m[1msavepack[22m | Збереження файлу: res://assets/ui/treasury-awakening-0.19.png.import[39m[0m
[   4% ] [90m[1msavepack[22m | Збереження файлу: res://.godot/imported/treasury-awakening-0.20.png-1df4b6bf8205574803a262dd5106b221.ctex[39m[0m
[   4% ] [90m[1msavepack[22m | Збереження файлу: res://assets/ui/treasury-awakening-0.20.png.import[39m[0m
[   5% ] [90m[1msavepack[22m | Збереження файлу: res://.godot/imported/tutorial-kolonel-0206.png-5b5825ffa61e4bc7f61fdf52d3264476.ctex[39m[0m
[   5% ] [90m[1msavepack[22m | Збереження файлу: res://assets/ui/tutorial-kolonel-0206.png.import[39m[0m
[   6% ] [90m[1msavepack[22m | Збереження файлу: res://.godot/imported/tutorial-radar-0206.png-b1c4f5be2b7dd6ea78f73e6ebf03dcc1.ctex[39m[0m
[   6% ] [90m[1msavepack[22m | Збереження файлу: res://assets/ui/tutorial-radar-0206.png.import[39m[0m
[   6% ] [90m[1msavepack[22m | Збереження файлу: res://.godot/imported/tutorial-repair-0206.png-859bc71371581ec27552c2d5008799c2.ctex[39m[0m
[   6% ] [90m[1msavepack[22m | Збереження файлу: res://assets/ui/tutorial-repair-0206.png.import[39m[0m
[   7% ] [90m[1msavepack[22m | Збереження файлу: res://.godot/imported/tutorial-resources-0206.png-4f09325b511fb0bee2cd28e4fe72063f.ctex[39m[0m
[   7% ] [90m[1msavepack[22m | Збереження файлу: res://assets/ui/tutorial-resources-0206.png.import[39m[0m
[   8% ] [90m[1msavepack[22m | Збереження файлу: res://.godot/imported/tutorial-trade-0206.png-2742e3b8e34018337757c4be23c91738.ctex[39m[0m
[   8% ] [90m[1msavepack[22m | Збереження файлу: res://assets/ui/tutorial-trade-0206.png.import[39m[0m
[   8% ] [90m[1msavepack[22m | Збереження файлу: res://data/localization/nl.json[39m[0m
[   9% ] [90m[1msavepack[22m | Збереження файлу: res://data/localization/uk.json[39m[0m
[  10% ] [90m[1msavepack[22m | Збереження файлу: res://data/balance.json[39m[0m
[  10% ] [90m[1msavepack[22m | Збереження файлу: res://.godot/imported/icon.svg-218a8f2b3041327d8a5756f3a245f83b.ctex[39m[0m
[  10% ] [90m[1msavepack[22m | Збереження файлу: res://icon.svg.import[39m[0m
[  11% ] [90m[1msavepack[22m | Збереження файлу: res://src/Presentation/Map/IsometricProjection.cs[39m[0m
[  12% ] [90m[1msavepack[22m | Збереження файлу: res://src/Presentation/Map/IslandScenery.cs[39m[0m
[  12% ] [90m[1msavepack[22m | Збереження файлу: res://src/Presentation/Map/IslandRuinsArt.cs[39m[0m
[  13% ] [90m[1msavepack[22m | Збереження файлу: res://src/Presentation/Map/IdleBatteryAnimation.cs[39m[0m
[  14% ] [90m[1msavepack[22m | Збереження файлу: res://src/Presentation/Map/GullAlarm.cs[39m[0m
[  14% ] [90m[1msavepack[22m | Збереження файлу: res://src/Presentation/Map/FloatingTownArt.cs[39m[0m
[  15% ] [90m[1msavepack[22m | Збереження файлу: res://src/Presentation/Map/FleetTargetHighlights.cs[39m[0m
[  16% ] [90m[1msavepack[22m | Збереження файлу: res://src/Presentation/Map/FleetSinking.cs[39m[0m
[  16% ] [90m[1msavepack[22m | Збереження файлу: res://src/Presentation/Map/FleetView.cs[39m[0m
[  17% ] [90m[1msavepack[22m | Збереження файлу: res://src/Presentation/Map/FleetPalette.cs[39m[0m
[  18% ] [90m[1msavepack[22m | Збереження файлу: res://src/Presentation/Map/FleetOutposts.cs[39m[0m
[  18% ] [90m[1msavepack[22m | Збереження файлу: res://src/Presentation/Map/FleetShipDrawing.cs[39m[0m
[  19% ] [90m[1msavepack[22m | Збереження файлу: res://src/Presentation/Map/FleetIncome.cs[39m[0m
[  20% ] [90m[1msavepack[22m | Збереження файлу: res://src/Presentation/Map/FleetLandmarks.cs[39m[0m
[  20% ] [90m[1msavepack[22m | Збереження файлу: res://src/Presentation/Map/FleetDetails.cs[39m[0m
[  21% ] [90m[1msavepack[22m | Збереження файлу: res://src/Presentation/Map/FleetDepth.cs[39m[0m
[  22% ] [90m[1msavepack[22m | Збереження файлу: res://src/Presentation/Map/FleetCommands.cs[39m[0m
[  22% ] [90m[1msavepack[22m | Збереження файлу: res://src/Presentation/Map/FleetBalloonArt.cs[39m[0m
[  23% ] [90m[1msavepack[22m | Збереження файлу: res://src/Presentation/Map/FleetAnimation.cs[39m[0m
[  24% ] [90m[1msavepack[22m | Збереження файлу: res://src/Presentation/Map/FleetAmphorae.cs[39m[0m
[  24% ] [90m[1msavepack[22m | Збереження файлу: res://src/Presentation/Map/FleetHeading.cs[39m[0m
[  25% ] [90m[1msavepack[22m | Збереження файлу: res://src/Presentation/Map/FleetGeometry.cs[39m[0m
[  26% ] [90m[1msavepack[22m | Збереження файлу: res://src/Presentation/Map/FleetEffects.cs[39m[0m
[  26% ] [90m[1msavepack[22m | Збереження файлу: res://src/Presentation/Map/FactionSanctuaryArt.cs[39m[0m
[  27% ] [90m[1msavepack[22m | Збереження файлу: res://src/Presentation/Map/DeckProjection.cs[39m[0m
[  28% ] [90m[1msavepack[22m | Збереження файлу: res://src/Presentation/Map/FishSchools.cs[39m[0m
[  28% ] [90m[1msavepack[22m | Збереження файлу: res://src/Presentation/Map/CosmeticRivers.cs[39m[0m
[  29% ] [90m[1msavepack[22m | Збереження файлу: res://src/Presentation/Map/ConvexSoilClip.cs[39m[0m
[  30% ] [90m[1msavepack[22m | Збереження файлу: res://src/Presentation/Map/ConstructionPreview.cs[39m[0m
[  30% ] [90m[1msavepack[22m | Збереження файлу: res://src/Presentation/Map/CityShipArt.cs[39m[0m
[  31% ] [90m[1msavepack[22m | Збереження файлу: res://src/Presentation/Map/BoardView.cs[39m[0m
[  32% ] [90m[1msavepack[22m | Збереження файлу: res://src/Presentation/Map/BoardTerrainLayer.cs[39m[0m
[  32% ] [90m[1msavepack[22m | Збереження файлу: res://src/Presentation/Map/BoardSeaObjects.cs[39m[0m
[  33% ] [90m[1msavepack[22m | Збереження файлу: res://src/Presentation/Map/BoardRiverDeltas.cs[39m[0m
[  33% ] [90m[1msavepack[22m | Збереження файлу: res://src/Presentation/Map/BalloonWreckModels.cs[39m[0m
[  33% ] [90m[1msavepack[22m | Збереження файлу: res://src/Presentation/Map/BalloonCrashAnimation.cs[39m[0m
[  34% ] [90m[1msavepack[22m | Збереження файлу: res://src/Presentation/Map/AmphoraHealthAnimation.cs[39m[0m
[  35% ] [90m[1msavepack[22m | Збереження файлу: res://src/Presentation/Map/AmphoraBadgeArt.cs[39m[0m
[  35% ] [90m[1msavepack[22m | Збереження файлу: res://src/Presentation/Input/MapInput.cs[39m[0m
[  36% ] [90m[1msavepack[22m | Збереження файлу: res://src/Presentation/Diagnostics/PerformanceTrace.cs[39m[0m
[  37% ] [90m[1msavepack[22m | Збереження файлу: res://src/Presentation/Camera/MapCamera.cs[39m[0m
[  37% ] [90m[1msavepack[22m | Збереження файлу: res://.godot/exported/133200997/export-4a24720ee5e787dbe30abc634fa3679d-Main.scn[39m[0m
[  38% ] [90m[1msavepack[22m | Збереження файлу: res://src/Presentation/SaveStore.cs[39m[0m
[  39% ] [90m[1msavepack[22m | Збереження файлу: res://src/Presentation/PrototypeBoard.cs[39m[0m
[  39% ] [90m[1msavepack[22m | Збереження файлу: res://src/Presentation/MainVoyageIntro.cs[39m[0m
[  40% ] [90m[1msavepack[22m | Збереження файлу: res://src/Presentation/MainVillageUpgrades.cs[39m[0m
[  41% ] [90m[1msavepack[22m | Збереження файлу: res://src/Presentation/MainView.cs[39m[0m
[  41% ] [90m[1msavepack[22m | Збереження файлу: res://src/Presentation/MainTutorials.cs[39m[0m
[  42% ] [90m[1msavepack[22m | Збереження файлу: res://src/Presentation/MainTurnGuidance.cs[39m[0m
[  43% ] [90m[1msavepack[22m | Збереження файлу: res://src/Presentation/MainTileSelection.cs[39m[0m
[  43% ] [90m[1msavepack[22m | Збереження файлу: res://src/Presentation/MainSession.cs[39m[0m
[  44% ] [90m[1msavepack[22m | Збереження файлу: res://src/Presentation/MainSelection.cs[39m[0m
[  45% ] [90m[1msavepack[22m | Збереження файлу: res://src/Presentation/MainSaving.cs[39m[0m
[  45% ] [90m[1msavepack[22m | Збереження файлу: res://src/Presentation/MainSalvoChoice.cs[39m[0m
[  46% ] [90m[1msavepack[22m | Збереження файлу: res://src/Presentation/MainRewards.cs[39m[0m
[  47% ] [90m[1msavepack[22m | Збереження файлу: res://src/Presentation/MainOutcome.cs[39m[0m
[  47% ] [90m[1msavepack[22m | Збереження файлу: res://src/Presentation/MainNavigation.cs[39m[0m
[  48% ] [90m[1msavepack[22m | Збереження файлу: res://src/Presentation/MainHeavenlyAssistance.cs[39m[0m
[  49% ] [90m[1msavepack[22m | Збереження файлу: res://src/Presentation/MainEncounters.cs[39m[0m
[  49% ] [90m[1msavepack[22m | Збереження файлу: res://src/Presentation/MainConstruction.cs[39m[0m
[  50% ] [90m[1msavepack[22m | Збереження файлу: res://src/Presentation/MainCommands.cs[39m[0m
[  50% ] [90m[1msavepack[22m | Збереження файлу: res://src/Presentation/MainActionStories.cs[39m[0m
[  51% ] [90m[1msavepack[22m | Збереження файлу: res://src/Presentation/Main.cs[39m[0m
[  52% ] [90m[1msavepack[22m | Збереження файлу: res://src/Presentation/UI/VoyageWelcome.cs[39m[0m
[  52% ] [90m[1msavepack[22m | Збереження файлу: res://src/Presentation/UI/VoyageJudgement.cs[39m[0m
[  53% ] [90m[1msavepack[22m | Збереження файлу: res://src/Presentation/UI/VillageHud.cs[39m[0m
[  54% ] [90m[1msavepack[22m | Збереження файлу: res://src/Presentation/UI/VictoryScreen.cs[39m[0m
[  54% ] [90m[1msavepack[22m | Збереження файлу: res://src/Presentation/UI/UiScale.cs[39m[0m
[  55% ] [90m[1msavepack[22m | Збереження файлу: res://src/Presentation/UI/UiHints.cs[39m[0m
[  56% ] [90m[1msavepack[22m | Збереження файлу: res://src/Presentation/UI/TutorialHud.cs[39m[0m
[  56% ] [90m[1msavepack[22m | Збереження файлу: res://src/Presentation/UI/TutorialAdvice.cs[39m[0m
[  57% ] [90m[1msavepack[22m | Збереження файлу: res://src/Presentation/UI/TurnGuidanceHud.cs[39m[0m
[  58% ] [90m[1msavepack[22m | Збереження файлу: res://src/Presentation/UI/StartScreen.cs[39m[0m
[  58% ] [90m[1msavepack[22m | Збереження файлу: res://src/Presentation/UI/SectorButton.cs[39m[0m
[  59% ] [90m[1msavepack[22m | Збереження файлу: res://src/Presentation/UI/SalvoChoiceHud.cs[39m[0m
[  60% ] [90m[1msavepack[22m | Збереження файлу: res://src/Presentation/UI/RollingVoyagePaper.cs[39m[0m
[  60% ] [90m[1msavepack[22m | Збереження файлу: res://src/Presentation/UI/RollingModalPaper.cs[39m[0m
[  61% ] [90m[1msavepack[22m | Збереження файлу: res://src/Presentation/UI/RewardPapyrusHud.cs[39m[0m
[  62% ] [90m[1msavepack[22m | Збереження файлу: res://src/Presentation/UI/ReadyActionCache.cs[39m[0m
[  62% ] [90m[1msavepack[22m | Збереження файлу: res://src/Presentation/UI/RadialPapyrus.cs[39m[0m
[  63% ] [90m[1msavepack[22m | Збереження файлу: res://src/Presentation/UI/PapyrusStyle.cs[39m[0m
[  64% ] [90m[1msavepack[22m | Збереження файлу: res://src/Presentation/UI/PapyrusModal.cs[39m[0m
[  64% ] [90m[1msavepack[22m | Збереження файлу: res://src/Presentation/UI/PapyrusGrain.cs[39m[0m
[  65% ] [90m[1msavepack[22m | Збереження файлу: res://src/Presentation/UI/PaintedVoyageChoice.cs[39m[0m
[  66% ] [90m[1msavepack[22m | Збереження файлу: res://src/Presentation/UI/NavalGlyphArt.cs[39m[0m
[  66% ] [90m[1msavepack[22m | Збереження файлу: res://src/Presentation/UI/NationOrnament.cs[39m[0m
[  66% ] [90m[1msavepack[22m | Збереження файлу: res://src/Presentation/UI/NationIdentity.cs[39m[0m
[  67% ] [90m[1msavepack[22m | Збереження файлу: res://src/Presentation/UI/MysticUpgradeButton.cs[39m[0m
[  67% ] [90m[1msavepack[22m | Збереження файлу: res://src/Presentation/UI/MenuHarborView.cs[39m[0m
[  68% ] [90m[1msavepack[22m | Збереження файлу: res://src/Presentation/UI/LorePage.cs[39m[0m
[  69% ] [90m[1msavepack[22m | Збереження файлу: res://src/Presentation/UI/LocalizedMessages.cs[39m[0m
[  69% ] [90m[1msavepack[22m | Збереження файлу: res://src/Presentation/UI/Language.cs[39m[0m
[  70% ] [90m[1msavepack[22m | Збереження файлу: res://src/Presentation/UI/InformationHud.cs[39m[0m
[  71% ] [90m[1msavepack[22m | Збереження файлу: res://src/Presentation/UI/HeavenlyAssistanceHud.cs[39m[0m
[  71% ] [90m[1msavepack[22m | Збереження файлу: res://src/Presentation/UI/GameMenu.cs[39m[0m
[  72% ] [90m[1msavepack[22m | Збереження файлу: res://src/Presentation/UI/FleetCrest.cs[39m[0m
[  73% ] [90m[1msavepack[22m | Збереження файлу: res://src/Presentation/UI/EndTurnPaper.cs[39m[0m
[  73% ] [90m[1msavepack[22m | Збереження файлу: res://src/Presentation/UI/DebugHud.cs[39m[0m
[  74% ] [90m[1msavepack[22m | Збереження файлу: res://src/Presentation/UI/CoinIcon.cs[39m[0m
[  75% ] [90m[1msavepack[22m | Збереження файлу: res://src/Presentation/UI/BrushPaperButton.cs[39m[0m
[  75% ] [90m[1msavepack[22m | Збереження файлу: res://src/Presentation/UI/AncientLore.cs[39m[0m
[  76% ] [90m[1msavepack[22m | Збереження файлу: res://src/Presentation/UI/ActionStoriesHud.cs[39m[0m
[  77% ] [90m[1msavepack[22m | Збереження файлу: res://src/Presentation/UI/ActionPapyrus.cs[39m[0m
[  77% ] [90m[1msavepack[22m | Збереження файлу: res://src/Presentation/UI/ActionGlyph.cs[39m[0m
[  78% ] [90m[1msavepack[22m | Збереження файлу: res://src/Presentation/Map/WreckRenderer.cs[39m[0m
[  79% ] [90m[1msavepack[22m | Збереження файлу: res://src/Presentation/Map/WreckModels.cs[39m[0m
[  79% ] [90m[1msavepack[22m | Збереження файлу: res://src/Presentation/Map/WreckGeometry.cs[39m[0m
[  80% ] [90m[1msavepack[22m | Збереження файлу: res://src/Presentation/Map/WorldDepth.cs[39m[0m
[  81% ] [90m[1msavepack[22m | Збереження файлу: res://src/Presentation/Map/WorldAmbience.cs[39m[0m
[  81% ] [90m[1msavepack[22m | Збереження файлу: res://src/Presentation/Map/WhirlpoolView.cs[39m[0m
[  82% ] [90m[1msavepack[22m | Збереження файлу: res://src/Presentation/Map/WeatherView.cs[39m[0m
[  83% ] [90m[1msavepack[22m | Збереження файлу: res://src/Presentation/Map/VillageGroundArt.cs[39m[0m
[  83% ] [90m[1msavepack[22m | Збереження файлу: res://src/Presentation/Map/VesselArt.cs[39m[0m
[  84% ] [90m[1msavepack[22m | Збереження файлу: res://src/Presentation/Map/TreasuryRuinsArt.cs[39m[0m
[  85% ] [90m[1msavepack[22m | Збереження файлу: res://src/Presentation/Map/TreasuryGlow.cs[39m[0m
[  85% ] [90m[1msavepack[22m | Збереження файлу: res://src/Presentation/Map/TradeTraffic.cs[39m[0m
[  86% ] [90m[1msavepack[22m | Збереження файлу: res://src/Presentation/Map/TradeRouteView.cs[39m[0m
[  87% ] [90m[1msavepack[22m | Збереження файлу: res://src/Presentation/Map/TradeNetworkInk.cs[39m[0m
[  87% ] [90m[1msavepack[22m | Збереження файлу: res://src/Presentation/Map/TownWallArt.cs[39m[0m
[  88% ] [90m[1msavepack[22m | Збереження файлу: res://src/Presentation/Map/TownSelectionAnchor.cs[39m[0m
[  89% ] [90m[1msavepack[22m | Збереження файлу: res://src/Presentation/Map/TownPlacement.cs[39m[0m
[  89% ] [90m[1msavepack[22m | Збереження файлу: res://src/Presentation/Map/TownLayout.cs[39m[0m
[  90% ] [90m[1msavepack[22m | Збереження файлу: res://src/Presentation/Map/TownArtworkRaster.cs[39m[0m
[  91% ] [90m[1msavepack[22m | Збереження файлу: res://src/Presentation/Map/TownArtState.cs[39m[0m
[  91% ] [90m[1msavepack[22m | Збереження файлу: res://src/Presentation/Map/TownArt.cs[39m[0m
[  92% ] [90m[1msavepack[22m | Збереження файлу: res://src/Presentation/Map/TerrainRasterCache.cs[39m[0m
[  93% ] [90m[1msavepack[22m | Збереження файлу: res://src/Presentation/Map/TargetHighlightArt.cs[39m[0m
[  93% ] [90m[1msavepack[22m | Збереження файлу: res://src/Presentation/Map/ShipVisualProfile.cs[39m[0m
[  94% ] [90m[1msavepack[22m | Збереження файлу: res://src/Presentation/Map/SeaGeometryBatch.cs[39m[0m
[  95% ] [90m[1msavepack[22m | Збереження файлу: res://src/Presentation/Map/SceneryAtlas.cs[39m[0m
[  95% ] [90m[1msavepack[22m | Збереження файлу: res://src/Presentation/Map/SanctuaryEffects.cs[39m[0m
[  96% ] [90m[1msavepack[22m | Збереження файлу: res://src/Presentation/Map/RouteCoverage.cs[39m[0m
[  97% ] [90m[1msavepack[22m | Збереження файлу: res://src/Presentation/Map/RetainedSeaWaves.cs[39m[0m
[  97% ] [90m[1msavepack[22m | Збереження файлу: res://src/Presentation/Map/ResourceContours.cs[39m[0m
[  98% ] [90m[1msavepack[22m | Збереження файлу: res://src/Presentation/Map/LighthouseArt.cs[39m[0m
[  98% ] [90m[1msavepack[22m | Збереження файлу: res://scenes/Main.tscn.remap[39m[0m
[  98% ] [90m[1msavepack[22m | Збереження файлу: res://.godot/global_script_class_cache.cfg[39m[0m
[  98% ] [90m[1msavepack[22m | Збереження файлу: res://icon.svg[39m[0m
[  98% ] [90m[1msavepack[22m | Збереження файлу: res://.godot/uid_cache.bin[39m[0m
[  98% ] [90m[1msavepack[22m | Збереження файлу: res://project.binary[39m[0m
[92m[ DONE ][39m [1msavepack[22m
[0m
