Godot Engine v4.7.2.stable.mono.official.ed1daf0bf - https://godotengine.org
D3D12 12_0 - Forward Mobile - Using Device #0: NVIDIA - NVIDIA GeForce RTX 4060 Laptop GPU

WORLD begin 1
WORLD geometry 1
WORLD raster 1
WORLD hover 1
WORLD 1 enemies: 611 cells; 8 smooth island contours; trees=463; peaks=41; terrainTexture=(2926, 1428).
WORLD begin 2
WORLD geometry 2
WORLD raster 2
WORLD hover 2
WORLD 2 enemies: 879 cells; 12 smooth island contours; trees=1010; peaks=102; terrainTexture=(3466, 1680).
WORLD begin 3
WORLD geometry 3
WORLD raster 3
WORLD hover 3
WORLD 3 enemies: 1110 cells; 16 smooth island contours; trees=1235; peaks=113; terrainTexture=(3609, 2022).
WORLD begin 4
WORLD geometry 4
WORLD raster 4
WORLD hover 4
WORLD 4 enemies: 1371 cells; 20 smooth island contours; trees=1602; peaks=167; terrainTexture=(4095, 1969).
PASS: 61413 world refinement checks (Windows).
