PASS: 1535 core checks
NAVIGATION ships=16 iterations=3 before_bytes=44617680 after_bytes=2437104 before_ms=86,57 after_ms=5,871
NAVIGATION ships=128 iterations=3 before_bytes=109382160 after_bytes=2338680 before_ms=431,75 after_ms=5,947
NAVIGATION ships=256 iterations=3 before_bytes=152910264 after_bytes=2241504 before_ms=693,851 after_ms=5,544
MULTI_AI opponents=2 winner=Player round=33 commands=630
MULTI_AI opponents=4 winner=Enemy4 round=39 commands=1053
REFINEMENT016: tower radar/veterancy, outpost targeting, AA, retreat and fish density passed
DIFFICULTY Boatswain round=3 ships=5 elapsed_ms=33,5
DIFFICULTY Captain round=14 ships=18 elapsed_ms=858,2
DIFFICULTY Admiral round=7 ships=12 elapsed_ms=484,6
COMPLETE_AI Boatswain winner=Enemy round=3 orders=44
COMPLETE_AI Captain winner=Player round=19 orders=293
COMPLETE_AI Admiral winner=Enemy round=3 orders=53
AI 0: Player, round 11, actions 214
AI 1: Player, round 13, actions 246
AI 2: Enemy, round 10, actions 147
AI 3: Player, round 18, actions 384
AI 4: Enemy, round 17, actions 291
AI 5: Enemy, round 13, actions 250
AI 6: Enemy, round 22, actions 785
AI 7: Enemy, round 13, actions 394
PASS: 1199448 Thor/progression/combat checks; 8 complete AI matches.
PASS: 18 save compatibility and validation checks.
PASS: 368 four-world generation checks.
PASS: 23 voyage statistics checks.
PASS: 871 free-coast, anti-air, inland Pangaea and red-save checks.
PASS: 38 salvo, encounters, level rewards and compatibility checks.
PASS: 31 v0.20.2 progression, mountain shadows, radar and heavenly aid checks.
PASS: 545 v0.20.2 world placement and deterministic terrain checks.
PASS: 133 v0.20.2 themed Latin names and Continue checks.
PASS: 21 lighthouse and merged trade checks.
ADMIRAL0203 fixture=0 rounds=12 orders=114 elapsed_ms=268,4
ADMIRAL0203 fixture=1 rounds=32 orders=315 elapsed_ms=927,5
PASS: 443 v0.20.3 coordinated Admiral tactics and fog fairness checks.
PASS: 40 v020.3 swarm assembly, flagship pursuit and observation-memory checks.
PASS: 75 v020.3 fleet capacity, veterancy, radar, healing and persisted reward checks.
